[0m02:52:23.837402 [debug] [MainThread]: Sending event: {'category': 'dbt', 'action': 'invocation', 'label': 'start', 'context': [<snowplow_tracker.self_describing_json.SelfDescribingJson object at 0x7d933c480d70>, <snowplow_tracker.self_describing_json.SelfDescribingJson object at 0x7d933afd3ed0>, <snowplow_tracker.self_describing_json.SelfDescribingJson object at 0x7d933afd3b10>]}


============================== 02:52:23.875326 | de11d090-0831-4fbc-8e2c-b9dabc8fcdac ==============================
[0m02:52:23.875326 [info ] [MainThread]: Running with dbt=1.12.2
[0m02:52:23.879049 [debug] [MainThread]: running dbt with arguments {'use_colors': 'True', 'use_experimental_parser': 'False', 'empty': 'None', 'write_json': 'True', 'no_print': 'None', 'log_path': 'logs', 'fail_fast': 'False', 'log_cache_events': 'False', 'partial_parse': 'True', 'invocation_command': 'dbt debug', 'warn_error_options': 'WarnErrorOptionsV2(error=[], warn=[], silence=[])', 'static_parser': 'True', 'introspect': 'True', 'cache_selected_only': 'False', 'printer_width': '80', 'debug': 'False', 'version_check': 'True', 'indirect_selection': 'eager', 'target_path': 'None', 'warn_error': 'None', 'quiet': 'False', 'send_anonymous_usage_stats': 'True', 'hints_enabled': 'True', 'log_format': 'default', 'maximum_seed_size_mib': '1', 'profiles_dir': '/home/airflow/.dbt'}
[0m02:52:23.921392 [info ] [MainThread]: dbt version: 1.12.2
[0m02:52:23.923400 [info ] [MainThread]: python version: 3.13.14
[0m02:52:23.924564 [info ] [MainThread]: python path: /home/airflow/.local/bin/python
[0m02:52:23.926111 [info ] [MainThread]: os info: Linux-6.18.33.2-microsoft-standard-WSL2-x86_64-with-glibc2.36
[0m02:52:23.927236 [info ] [MainThread]: Using profiles dir at /home/airflow/.dbt
[0m02:52:23.927982 [info ] [MainThread]: Using profiles.yml file at /home/airflow/.dbt/profiles.yml
[0m02:52:23.928773 [info ] [MainThread]: Using dbt_project.yml file at /opt/airflow/dbt_project.yml
[0m02:52:23.929625 [info ] [MainThread]: Configuration:
[0m02:52:23.930443 [info ] [MainThread]:   profiles.yml file [[31mERROR not found[0m]
[0m02:52:23.931438 [info ] [MainThread]:   dbt_project.yml file [[31mERROR not found[0m]
[0m02:52:23.932560 [info ] [MainThread]: Required dependencies:
[0m02:52:23.933293 [debug] [MainThread]: Executing "git --help"
[0m02:52:23.942656 [debug] [MainThread]: STDOUT: "b"usage: git [-v | --version] [-h | --help] [-C <path>] [-c <name>=<value>]\n           [--exec-path[=<path>]] [--html-path] [--man-path] [--info-path]\n           [-p | --paginate | -P | --no-pager] [--no-replace-objects] [--bare]\n           [--git-dir=<path>] [--work-tree=<path>] [--namespace=<name>]\n           [--super-prefix=<path>] [--config-env=<name>=<envvar>]\n           <command> [<args>]\n\nThese are common Git commands used in various situations:\n\nstart a working area (see also: git help tutorial)\n   clone     Clone a repository into a new directory\n   init      Create an empty Git repository or reinitialize an existing one\n\nwork on the current change (see also: git help everyday)\n   add       Add file contents to the index\n   mv        Move or rename a file, a directory, or a symlink\n   restore   Restore working tree files\n   rm        Remove files from the working tree and from the index\n\nexamine the history and state (see also: git help revisions)\n   bisect    Use binary search to find the commit that introduced a bug\n   diff      Show changes between commits, commit and working tree, etc\n   grep      Print lines matching a pattern\n   log       Show commit logs\n   show      Show various types of objects\n   status    Show the working tree status\n\ngrow, mark and tweak your common history\n   branch    List, create, or delete branches\n   commit    Record changes to the repository\n   merge     Join two or more development histories together\n   rebase    Reapply commits on top of another base tip\n   reset     Reset current HEAD to the specified state\n   switch    Switch branches\n   tag       Create, list, delete or verify a tag object signed with GPG\n\ncollaborate (see also: git help workflows)\n   fetch     Download objects and refs from another repository\n   pull      Fetch from and integrate with another repository or a local branch\n   push      Update remote refs along with associated objects\n\n'git help -a' and 'git help -g' list available subcommands and some\nconcept guides. See 'git help <command>' or 'git help <concept>'\nto read about a specific subcommand or concept.\nSee 'git help git' for an overview of the system.\n""
[0m02:52:23.943839 [debug] [MainThread]: STDERR: "b''"
[0m02:52:23.944775 [info ] [MainThread]:  - git [[32mOK found[0m]

[0m02:52:23.946141 [info ] [MainThread]: Connection test skipped since no profile was found
[0m02:52:23.947062 [info ] [MainThread]: [31m2 checks failed:[0m
[0m02:52:23.948288 [info ] [MainThread]: dbt looked for a profiles.yml file in /home/airflow/.dbt/profiles.yml, but did
not find one. For more information on configuring your profile, consult the
documentation:

https://docs.getdbt.com/docs/configure-your-profile


[0m02:52:23.949171 [info ] [MainThread]: Project loading failed for the following reason:
 project path </opt/airflow/dbt_project.yml> not found

[0m02:52:23.951162 [debug] [MainThread]: Resource report: {"command_name": "debug", "command_success": false, "command_wall_clock_time": 0.19934909, "process_in_blocks": "104272", "process_kernel_time": 0.153571, "process_mem_max_rss": "135976", "process_out_blocks": "6448", "process_user_time": 1.48722}
[0m02:52:23.952252 [debug] [MainThread]: Command `dbt debug` failed at 02:52:23.952061 after 0.20 seconds
[0m02:52:23.952869 [debug] [MainThread]: Sending event: {'category': 'dbt', 'action': 'invocation', 'label': 'end', 'context': [<snowplow_tracker.self_describing_json.SelfDescribingJson object at 0x7d933ae74050>, <snowplow_tracker.self_describing_json.SelfDescribingJson object at 0x7d933ae5c5f0>, <snowplow_tracker.self_describing_json.SelfDescribingJson object at 0x7d933ae26580>]}
[0m02:52:23.953672 [debug] [MainThread]: Flushing usage events
[0m02:52:24.786401 [debug] [MainThread]: An error was encountered while trying to flush usage events
